EXIT: 0
STDOUT:
[Log] [Plugin Function Logger] Decorating function for plugin -- {'function_name': 'list_tabular_files', 'plugin_name': 'TabularProcessingPlugin'}
[Log] [Plugin Function Logger] Decorating function for plugin -- {'function_name': 'describe_tabular_file', 'plugin_name': 'TabularProcessingPlugin'}
[Log] [Plugin Function Logger] Decorating function for plugin -- {'function_name': 'aggregate_column', 'plugin_name': 'TabularProcessingPlugin'}
[Log] [Plugin Function Logger] Decorating function for plugin -- {'function_name': 'filter_rows', 'plugin_name': 'TabularProcessingPlugin'}
[Log] [Plugin Function Logger] Decorating function for plugin -- {'function_name': 'query_tabular_data', 'plugin_name': 'TabularProcessingPlugin'}
[Log] [Plugin Function Logger] Decorating function for plugin -- {'function_name': 'group_by_aggregate', 'plugin_name': 'TabularProcessingPlugin'}
[Log] [Plugin Function Logger] Decorating function for plugin -- {'function_name': 'group_by_datetime_component', 'plugin_name': 'TabularProcessingPlugin'}

🧪 Running test_describe_tabular_file_returns_workbook_schema_summary...
🔍 Testing workbook-aware describe_tabular_file output...
[Log] [Plugin Function Logger] Function call started -- {'plugin_name': 'TabularProcessingPlugin', 'function_name': 'describe_tabular_file'}
[Log] [Plugin Function Logger] Function parameters -- {'plugin_name': 'TabularProcessingPlugin', 'function_name': 'describe_tabular_file', 'parameters': {'user_id': 'test-user', 'conversation_id': 'test-conversation', 'filename': 'Family Finances.xlsx', 'source': 'workspace'}, 'param_string': 'user_id=test-user, conversation_id=test-conversation, filename=Family Finances.xlsx, source=workspace'}
[Log] [Plugin Function Logger] Function completed successfully -- {'plugin_name': 'TabularProcessingPlugin', 'function_name': 'describe_tabular_file', 'result_preview': '{\n  "filename": "Family Finances.xlsx",\n  "is_workbook": true,\n  "sheet_names": [\n    "Balance",\n    "Assets"\n  ],\n  "sheet_count": 2,\n  "selected_sheet": null,\n  "per_sheet_schemas": {\n    "Balance":...', 'duration_ms': 7.000207901000977, 'full_function_name': 'TabularProcessingPlugin.describe_tabular_file'}
Warning: Failed to get settings from cache, read from Cosmos DB instead. Called from e:\repos\simplechat\application\single_app\functions_debug.py:25 in debug_print().
[DEBUG] [INFO]: [Plugin SUCCESS] TabularProcessingPlugin.describe_tabular_file (7.0ms)
[Log] Plugin function executed successfully -- {'plugin_name': 'TabularProcessingPlugin', 'function_name': 'describe_tabular_file', 'duration_ms': 7.000207901000977, 'success': True, 'user_id': None, 'timestamp': '2026-03-13T16:50:35.318234', 'parameter_count': 4, 'parameters': {'user_id': 'test-user', 'conversation_id': 'test-conversation', 'filename': 'Family Finances.xlsx', 'source': 'workspace'}, 'result_preview': '{\n  "filename": "Family Finances.xlsx",\n  "is_workbook": true,\n  "sheet_names": [\n    "Balance",\n    "Assets"\n  ],\n  "sheet_count": 2,\n  "selected_sheet": null,\n  "per_sheet_schemas": {\n    "Balance":...', 'result_type': 'str'}
[Log] [Plugin Invocation] TabularProcessingPlugin.describe_tabular_file -- {'plugin_name': 'TabularProcessingPlugin', 'function_name': 'describe_tabular_file', 'duration_ms': 7.000207901000977, 'success': True, 'user_id': None, 'timestamp': '2026-03-13T16:50:35.318234', 'parameter_count': 4, 'result_type': 'str', 'error_message': None, 'parameters': {'user_id': 'test-user', 'conversation_id': 'test-conversation', 'filename': 'Family Finances.xlsx', 'source': 'workspace'}, 'result_preview': '{\n  "filename": "Family Finances.xlsx",\n  "is_workbook": true,\n  "sheet_names": [\n    "Balance",\n    "Assets"\n  ],\n  "sheet_count": 2,\n  "selected_sheet": null,\n  "per_sheet_schemas": {\n    "Balance": {\n      "selected_sheet": "Balance",\n      "row_count": 2,\n      "column_count": 2,\n      "columns": [\n        "Accounts",\n        "Nov-25"\n      ],\n      "dtypes": {\n        "Accounts": "object",\n        "Nov-25": "float64"\n      },\n      "preview": [\n        {\n          "Accounts": "Total Monthly... [truncated]'}
✅ Workbook-aware describe output passed

🧪 Running test_default_sheet_override_resolves_automatically...
🔍 Testing default sheet override...
[Log] [Plugin Function Logger] Function call started -- {'plugin_name': 'TabularProcessingPlugin', 'function_name': 'filter_rows'}
[Log] [Plugin Function Logger] Function parameters -- {'plugin_name': 'TabularProcessingPlugin', 'function_name': 'filter_rows', 'parameters': {'user_id': 'test-user', 'conversation_id': 'test-conversation', 'filename': 'Family Finances.xlsx', 'column': 'Accounts', 'operator': '==', 'value': 'Total Assets', 'source': 'workspace'}, 'param_string': 'user_id=test-user, conversation_id=test-conversation, filename=Family Finances.xlsx, column=Accounts, operator===, value=Total Assets, source=workspace'}
[Log] [TabularProcessingPlugin] Error filtering rows: Workbook 'Family Finances.xlsx' has multiple sheets: ['Balance', 'Assets']. Specify sheet_name or sheet_index on analytical calls. -- None
[Log] [Plugin Function Logger] Function completed successfully -- {'plugin_name': 'TabularProcessingPlugin', 'function_name': 'filter_rows', 'result_preview': '{"error": "Workbook \'Family Finances.xlsx\' has multiple sheets: [\'Balance\', \'Assets\']. Specify sheet_name or sheet_index on analytical calls."}', 'duration_ms': 0.9989738464355469, 'full_function_name': 'TabularProcessingPlugin.filter_rows'}
Warning: Failed to get settings from cache, read from Cosmos DB instead. Called from e:\repos\simplechat\application\single_app\functions_debug.py:25 in debug_print().
[DEBUG] [INFO]: [Plugin SUCCESS] TabularProcessingPlugin.filter_rows (1.0ms)
[Log] Plugin function executed successfully -- {'plugin_name': 'TabularProcessingPlugin', 'function_name': 'filter_rows', 'duration_ms': 0.9989738464355469, 'success': True, 'user_id': None, 'timestamp': '2026-03-13T16:50:35.353680', 'parameter_count': 7, 'parameters': {'user_id': 'test-user', 'conversation_id': 'test-conversation', 'filename': 'Family Finances.xlsx', 'column': 'Accounts', 'operator': '==', 'value': 'Total Assets', 'source': 'workspace'}, 'result_preview': '{"error": "Workbook \'Family Finances.xlsx\' has multiple sheets: [\'Balance\', \'Assets\']. Specify sheet_name or sheet_index on analytical calls."}', 'result_type': 'str'}
[Log] [Plugin Invocation] TabularProcessingPlugin.filter_rows -- {'plugin_name': 'TabularProcessingPlugin', 'function_name': 'filter_rows', 'duration_ms': 0.9989738464355469, 'success': True, 'user_id': None, 'timestamp': '2026-03-13T16:50:35.353680', 'parameter_count': 7, 'result_type': 'str', 'error_message': None, 'parameters': {'user_id': 'test-user', 'conversation_id': 'test-conversation', 'filename': 'Family Finances.xlsx', 'column': 'Accounts', 'operator': '==', 'value': 'Total Assets', 'source': 'workspace'}, 'result_preview': '{"error": "Workbook \'Family Finances.xlsx\' has multiple sheets: [\'Balance\', \'Assets\']. Specify sheet_name or sheet_index on analytical calls."}'}
[Log] [Plugin Function Logger] Function call started -- {'plugin_name': 'TabularProcessingPlugin', 'function_name': 'filter_rows'}
[Log] [Plugin Function Logger] Function parameters -- {'plugin_name': 'TabularProcessingPlugin', 'function_name': 'filter_rows', 'parameters': {'user_id': 'test-user', 'conversation_id': 'test-conversation', 'filename': 'Family Finances.xlsx', 'column': 'Accounts', 'operator': '==', 'value': 'Total Assets', 'source': 'workspace'}, 'param_string': 'user_id=test-user, conversation_id=test-conversation, filename=Family Finances.xlsx, column=Accounts, operator===, value=Total Assets, source=workspace'}
[Log] [Plugin Function Logger] Function completed successfully -- {'plugin_name': 'TabularProcessingPlugin', 'function_name': 'filter_rows', 'result_preview': '{\n  "filename": "Family Finances.xlsx",\n  "selected_sheet": "Assets",\n  "total_matches": 1,\n  "returned_rows": 1,\n  "data": [\n    {\n      "Accounts": "Total Assets",\n      "Nov-25": 481225.18\n    }\n  ...', 'duration_ms': 2.000093460083008, 'full_function_name': 'TabularProcessingPlugin.filter_rows'}
Warning: Failed to get settings from cache, read from Cosmos DB instead. Called from e:\repos\simplechat\application\single_app\functions_debug.py:25 in debug_print().
[DEBUG] [INFO]: [Plugin SUCCESS] TabularProcessingPlugin.filter_rows (2.0ms)
[Log] Plugin function executed successfully -- {'plugin_name': 'TabularProcessingPlugin', 'function_name': 'filter_rows', 'duration_ms': 2.000093460083008, 'success': True, 'user_id': None, 'timestamp': '2026-03-13T16:50:35.385684', 'parameter_count': 7, 'parameters': {'user_id': 'test-user', 'conversation_id': 'test-conversation', 'filename': 'Family Finances.xlsx', 'column': 'Accounts', 'operator': '==', 'value': 'Total Assets', 'source': 'workspace'}, 'result_preview': '{\n  "filename": "Family Finances.xlsx",\n  "selected_sheet": "Assets",\n  "total_matches": 1,\n  "returned_rows": 1,\n  "data": [\n    {\n      "Accounts": "Total Assets",\n      "Nov-25": 481225.18\n    }\n  ...', 'result_type': 'str'}
[Log] [Plugin Invocation] TabularProcessingPlugin.filter_rows -- {'plugin_name': 'TabularProcessingPlugin', 'function_name': 'filter_rows', 'duration_ms': 2.000093460083008, 'success': True, 'user_id': None, 'timestamp': '2026-03-13T16:50:35.385684', 'parameter_count': 7, 'result_type': 'str', 'error_message': None, 'parameters': {'user_id': 'test-user', 'conversation_id': 'test-conversation', 'filename': 'Family Finances.xlsx', 'column': 'Accounts', 'operator': '==', 'value': 'Total Assets', 'source': 'workspace'}, 'result_preview': '{\n  "filename": "Family Finances.xlsx",\n  "selected_sheet": "Assets",\n  "total_matches": 1,\n  "returned_rows": 1,\n  "data": [\n    {\n      "Accounts": "Total Assets",\n      "Nov-25": 481225.18\n    }\n  ]\n}'}
✅ Default sheet override passed

🧪 Running test_multisheet_analysis_uses_requested_sheet...
🔍 Testing selected worksheet preservation...
[Log] [Plugin Function Logger] Function call started -- {'plugin_name': 'TabularProcessingPlugin', 'function_name': 'filter_rows'}
[Log] [Plugin Function Logger] Function parameters -- {'plugin_name': 'TabularProcessingPlugin', 'function_name': 'filter_rows', 'parameters': {'user_id': 'test-user', 'conversation_id': 'test-conversation', 'filename': 'Family Finances.xlsx', 'column': 'Accounts', 'operator': '==', 'value': 'Total Assets', 'sheet_name': 'Assets', 'source': 'workspace'}, 'param_string': 'user_id=test-user, conversation_id=test-conversation, filename=Family Finances.xlsx, column=Accounts, operator===, value=Total Assets, sheet_name=Assets, source=workspace'}
[Log] [Plugin Function Logger] Function completed successfully -- {'plugin_name': 'TabularProcessingPlugin', 'function_name': 'filter_rows', 'result_preview': '{\n  "filename": "Family Finances.xlsx",\n  "selected_sheet": "Assets",\n  "total_matches": 1,\n  "returned_rows": 1,\n  "data": [\n    {\n      "Accounts": "Total Assets",\n      "Nov-25": 481225.18\n    }\n  ...', 'duration_ms': 2.000570297241211, 'full_function_name': 'TabularProcessingPlugin.filter_rows'}
Warning: Failed to get settings from cache, read from Cosmos DB instead. Called from e:\repos\simplechat\application\single_app\functions_debug.py:25 in debug_print().
[DEBUG] [INFO]: [Plugin SUCCESS] TabularProcessingPlugin.filter_rows (2.0ms)
[Log] Plugin function executed successfully -- {'plugin_name': 'TabularProcessingPlugin', 'function_name': 'filter_rows', 'duration_ms': 2.000570297241211, 'success': True, 'user_id': None, 'timestamp': '2026-03-13T16:50:35.406189', 'parameter_count': 8, 'parameters': {'user_id': 'test-user', 'conversation_id': 'test-conversation', 'filename': 'Family Finances.xlsx', 'column': 'Accounts', 'operator': '==', 'value': 'Total Assets', 'sheet_name': 'Assets', 'source': 'workspace'}, 'result_preview': '{\n  "filename": "Family Finances.xlsx",\n  "selected_sheet": "Assets",\n  "total_matches": 1,\n  "returned_rows": 1,\n  "data": [\n    {\n      "Accounts": "Total Assets",\n      "Nov-25": 481225.18\n    }\n  ...', 'result_type': 'str'}
[Log] [Plugin Invocation] TabularProcessingPlugin.filter_rows -- {'plugin_name': 'TabularProcessingPlugin', 'function_name': 'filter_rows', 'duration_ms': 2.000570297241211, 'success': True, 'user_id': None, 'timestamp': '2026-03-13T16:50:35.406189', 'parameter_count': 8, 'result_type': 'str', 'error_message': None, 'parameters': {'user_id': 'test-user', 'conversation_id': 'test-conversation', 'filename': 'Family Finances.xlsx', 'column': 'Accounts', 'operator': '==', 'value': 'Total Assets', 'sheet_name': 'Assets', 'source': 'workspace'}, 'result_preview': '{\n  "filename": "Family Finances.xlsx",\n  "selected_sheet": "Assets",\n  "total_matches": 1,\n  "returned_rows": 1,\n  "data": [\n    {\n      "Accounts": "Total Assets",\n      "Nov-25": 481225.18\n    }\n  ]\n}'}
✅ Selected worksheet preservation passed

🧪 Running test_single_sheet_workbook_handles_datetime_headers...
🔍 Testing single-sheet workbook datetime headers...
[Log] [Plugin Function Logger] Function call started -- {'plugin_name': 'TabularProcessingPlugin', 'function_name': 'describe_tabular_file'}
[Log] [Plugin Function Logger] Function parameters -- {'plugin_name': 'TabularProcessingPlugin', 'function_name': 'describe_tabular_file', 'parameters': {'user_id': 'test-user', 'conversation_id': 'test-conversation', 'filename': 'Sales Summary.xlsx', 'source': 'workspace'}, 'param_string': 'user_id=test-user, conversation_id=test-conversation, filename=Sales Summary.xlsx, source=workspace'}
[Log] [Plugin Function Logger] Function completed successfully -- {'plugin_name': 'TabularProcessingPlugin', 'function_name': 'describe_tabular_file', 'result_preview': '{\n  "selected_sheet": "Summary",\n  "row_count": 2,\n  "column_count": 2,\n  "columns": [\n    "Accounts",\n    "Nov-25"\n  ],\n  "dtypes": {\n    "Accounts": "object",\n    "Nov-25": "float64"\n  },\n  "preview...', 'duration_ms': 1.0001659393310547, 'full_function_name': 'TabularProcessingPlugin.describe_tabular_file'}
Warning: Failed to get settings from cache, read from Cosmos DB instead. Called from e:\repos\simplechat\application\single_app\functions_debug.py:25 in debug_print().
[DEBUG] [INFO]: [Plugin SUCCESS] TabularProcessingPlugin.describe_tabular_file (1.0ms)
[Log] Plugin function executed successfully -- {'plugin_name': 'TabularProcessingPlugin', 'function_name': 'describe_tabular_file', 'duration_ms': 1.0001659393310547, 'success': True, 'user_id': None, 'timestamp': '2026-03-13T16:50:35.428189', 'parameter_count': 4, 'parameters': {'user_id': 'test-user', 'conversation_id': 'test-conversation', 'filename': 'Sales Summary.xlsx', 'source': 'workspace'}, 'result_preview': '{\n  "selected_sheet": "Summary",\n  "row_count": 2,\n  "column_count": 2,\n  "columns": [\n    "Accounts",\n    "Nov-25"\n  ],\n  "dtypes": {\n    "Accounts": "object",\n    "Nov-25": "float64"\n  },\n  "preview...', 'result_type': 'str'}
[Log] [Plugin Invocation] TabularProcessingPlugin.describe_tabular_file -- {'plugin_name': 'TabularProcessingPlugin', 'function_name': 'describe_tabular_file', 'duration_ms': 1.0001659393310547, 'success': True, 'user_id': None, 'timestamp': '2026-03-13T16:50:35.428189', 'parameter_count': 4, 'result_type': 'str', 'error_message': None, 'parameters': {'user_id': 'test-user', 'conversation_id': 'test-conversation', 'filename': 'Sales Summary.xlsx', 'source': 'workspace'}, 'result_preview': '{\n  "selected_sheet": "Summary",\n  "row_count": 2,\n  "column_count": 2,\n  "columns": [\n    "Accounts",\n    "Nov-25"\n  ],\n  "dtypes": {\n    "Accounts": "object",\n    "Nov-25": "float64"\n  },\n  "preview": [\n    {\n      "Accounts": "Total Sales",\n      "Nov-25": "1500.25"\n    },\n    {\n      "Accounts": "Total Profit",\n      "Nov-25": "420.75"\n    }\n  ],\n  "null_counts": {\n    "Accounts": 0,\n    "Nov-25": 0\n  },\n  "filename": "Sales Summary.xlsx",\n  "is_workbook": true,\n  "sheet_names": [\n    "Summa... [truncated]'}
[Log] [Plugin Function Logger] Function call started -- {'plugin_name': 'TabularProcessingPlugin', 'function_name': 'filter_rows'}
[Log] [Plugin Function Logger] Function parameters -- {'plugin_name': 'TabularProcessingPlugin', 'function_name': 'filter_rows', 'parameters': {'user_id': 'test-user', 'conversation_id': 'test-conversation', 'filename': 'Sales Summary.xlsx', 'column': 'Accounts', 'operator': '==', 'value': 'Total Sales', 'source': 'workspace'}, 'param_string': 'user_id=test-user, conversation_id=test-conversation, filename=Sales Summary.xlsx, column=Accounts, operator===, value=Total Sales, source=workspace'}
[Log] [Plugin Function Logger] Function completed successfully -- {'plugin_name': 'TabularProcessingPlugin', 'function_name': 'filter_rows', 'result_preview': '{\n  "filename": "Sales Summary.xlsx",\n  "selected_sheet": "Summary",\n  "total_matches": 1,\n  "returned_rows": 1,\n  "data": [\n    {\n      "Accounts": "Total Sales",\n      "Nov-25": 1500.25\n    }\n  ]\n}', 'duration_ms': 2.0012855529785156, 'full_function_name': 'TabularProcessingPlugin.filter_rows'}
Warning: Failed to get settings from cache, read from Cosmos DB instead. Called from e:\repos\simplechat\application\single_app\functions_debug.py:25 in debug_print().
[DEBUG] [INFO]: [Plugin SUCCESS] TabularProcessingPlugin.filter_rows (2.0ms)
[Log] Plugin function executed successfully -- {'plugin_name': 'TabularProcessingPlugin', 'function_name': 'filter_rows', 'duration_ms': 2.0012855529785156, 'success': True, 'user_id': None, 'timestamp': '2026-03-13T16:50:35.447189', 'parameter_count': 7, 'parameters': {'user_id': 'test-user', 'conversation_id': 'test-conversation', 'filename': 'Sales Summary.xlsx', 'column': 'Accounts', 'operator': '==', 'value': 'Total Sales', 'source': 'workspace'}, 'result_preview': '{\n  "filename": "Sales Summary.xlsx",\n  "selected_sheet": "Summary",\n  "total_matches": 1,\n  "returned_rows": 1,\n  "data": [\n    {\n      "Accounts": "Total Sales",\n      "Nov-25": 1500.25\n    }\n  ]\n}', 'result_type': 'str'}
[Log] [Plugin Invocation] TabularProcessingPlugin.filter_rows -- {'plugin_name': 'TabularProcessingPlugin', 'function_name': 'filter_rows', 'duration_ms': 2.0012855529785156, 'success': True, 'user_id': None, 'timestamp': '2026-03-13T16:50:35.447189', 'parameter_count': 7, 'result_type': 'str', 'error_message': None, 'parameters': {'user_id': 'test-user', 'conversation_id': 'test-conversation', 'filename': 'Sales Summary.xlsx', 'column': 'Accounts', 'operator': '==', 'value': 'Total Sales', 'source': 'workspace'}, 'result_preview': '{\n  "filename": "Sales Summary.xlsx",\n  "selected_sheet": "Summary",\n  "total_matches": 1,\n  "returned_rows": 1,\n  "data": [\n    {\n      "Accounts": "Total Sales",\n      "Nov-25": 1500.25\n    }\n  ]\n}'}
✅ Single-sheet workbook datetime headers passed

🧪 Running test_tabular_analysis_uses_blob_location_fallback...
🔍 Testing tabular blob location fallback during analysis...
[Log] [Plugin Function Logger] Function call started -- {'plugin_name': 'TabularProcessingPlugin', 'function_name': 'group_by_aggregate'}
[Log] [Plugin Function Logger] Function parameters -- {'plugin_name': 'TabularProcessingPlugin', 'function_name': 'group_by_aggregate', 'parameters': {'user_id': 'test-user', 'conversation_id': 'test-conversation', 'filename': 'faa_flight_operations_dataset.csv', 'group_by_column': 'Airline', 'aggregate_column': 'GateTurnTimeMinutes', 'operation': 'min', 'source': 'chat'}, 'param_string': 'user_id=test-user, conversation_id=test-conversation, filename=faa_flight_operations_dataset.csv, group_by_column=Airline, aggregate_column=GateTurnTimeMinutes, operation=min, source=chat'}
[Log] [Plugin Function Logger] Function completed successfully -- {'plugin_name': 'TabularProcessingPlugin', 'function_name': 'group_by_aggregate', 'result_preview': '{\n  "filename": "faa_flight_operations_dataset.csv",\n  "selected_sheet": null,\n  "group_by": "Airline",\n  "aggregate_column": "GateTurnTimeMinutes",\n  "operation": "min",\n  "groups": 3,\n  "top_results...', 'duration_ms': 19.16646957397461, 'full_function_name': 'TabularProcessingPlugin.group_by_aggregate'}
Warning: Failed to get settings from cache, read from Cosmos DB instead. Called from e:\repos\simplechat\application\single_app\functions_debug.py:25 in debug_print().
[DEBUG] [INFO]: [Plugin SUCCESS] TabularProcessingPlugin.group_by_aggregate (19.2ms)
[Log] Plugin function executed successfully -- {'plugin_name': 'TabularProcessingPlugin', 'function_name': 'group_by_aggregate', 'duration_ms': 19.16646957397461, 'success': True, 'user_id': None, 'timestamp': '2026-03-13T16:50:35.483355', 'parameter_count': 7, 'parameters': {'user_id': 'test-user', 'conversation_id': 'test-conversation', 'filename': 'faa_flight_operations_dataset.csv', 'group_by_column': 'Airline', 'aggregate_column': 'GateTurnTimeMinutes', 'operation': 'min', 'source': 'chat'}, 'result_preview': '{\n  "filename": "faa_flight_operations_dataset.csv",\n  "selected_sheet": null,\n  "group_by": "Airline",\n  "aggregate_column": "GateTurnTimeMinutes",\n  "operation": "min",\n  "groups": 3,\n  "top_results...', 'result_type': 'str'}
[Log] [Plugin Invocation] TabularProcessingPlugin.group_by_aggregate -- {'plugin_name': 'TabularProcessingPlugin', 'function_name': 'group_by_aggregate', 'duration_ms': 19.16646957397461, 'success': True, 'user_id': None, 'timestamp': '2026-03-13T16:50:35.483355', 'parameter_count': 7, 'result_type': 'str', 'error_message': None, 'parameters': {'user_id': 'test-user', 'conversation_id': 'test-conversation', 'filename': 'faa_flight_operations_dataset.csv', 'group_by_column': 'Airline', 'aggregate_column': 'GateTurnTimeMinutes', 'operation': 'min', 'source': 'chat'}, 'result_preview': '{\n  "filename": "faa_flight_operations_dataset.csv",\n  "selected_sheet": null,\n  "group_by": "Airline",\n  "aggregate_column": "GateTurnTimeMinutes",\n  "operation": "min",\n  "groups": 3,\n  "top_results": {\n    "AAL": 70,\n    "SWA": 55,\n    "DAL": 44\n  },\n  "result": {\n    "AAL": 70,\n    "DAL": 44,\n    "SWA": 55\n  },\n  "highest_group": "AAL",\n  "highest_value": 70,\n  "lowest_group": "DAL",\n  "lowest_value": 44,\n  "average_group_value": 56.333333333333336,\n  "median_group_value": 55.0,\n  "second_hi... [truncated]'}
✅ Tabular blob location fallback passed

🧪 Running test_route_preview_and_ui_surface_sheet_metadata...
🔍 Testing route and UI sheet metadata integration...
✅ Route and UI sheet metadata integration passed

📊 Results: 6/6 tests passed

STDERR:
[Plugin Function Logger] Function completed successfully
Plugin function executed successfully
[Plugin Invocation] TabularProcessingPlugin.describe_tabular_file
[TabularProcessingPlugin] Error filtering rows: Workbook 'Family Finances.xlsx' has multiple sheets: ['Balance', 'Assets']. Specify sheet_name or sheet_index on analytical calls.
[Plugin Function Logger] Function completed successfully
Plugin function executed successfully
[Plugin Invocation] TabularProcessingPlugin.filter_rows
[Plugin Function Logger] Function completed successfully
Plugin function executed successfully
[Plugin Invocation] TabularProcessingPlugin.filter_rows
[Plugin Function Logger] Function completed successfully
Plugin function executed successfully
[Plugin Invocation] TabularProcessingPlugin.filter_rows
[Plugin Function Logger] Function completed successfully
Plugin function executed successfully
[Plugin Invocation] TabularProcessingPlugin.describe_tabular_file
[Plugin Function Logger] Function completed successfully
Plugin function executed successfully
[Plugin Invocation] TabularProcessingPlugin.filter_rows
[Plugin Function Logger] Function completed successfully
Plugin function executed successfully
[Plugin Invocation] TabularProcessingPlugin.group_by_aggregate
